R OUTPUT
CH01PR22
STAT510

> ch01pr22<-read.table("E:\\SDSU Stats\\SAS\\CH01PR22.txt")
> colnames(ch01pr22)<-c("y","x")
> x<-ch01pr22$x
> y<-ch01pr22$y
> ch01pr22.lm<-lm(ch01pr22)
> anova(ch01pr22.lm)

Analysis of Variance Table

Response: y
          Df Sum Sq Mean Sq F value    Pr(>F)    
x          1 5297.5  5297.5  506.51 2.159e-12 ***
Residuals 14  146.4    10.5                      
---
Signif. codes:  0 ‘***’ 0.001 ‘**’ 0.01 ‘*’ 0.05 ‘.’ 0.1 ‘ ’ 1 
> 
> summary(ch01pr22.lm)

Call:
lm(formula = ch01pr22)

Residuals:
    Min      1Q  Median      3Q     Max 
-5.1500 -2.2188  0.1625  2.6875  5.5750 

Coefficients:
             Estimate Std. Error t value Pr(>|t|)    
(Intercept) 168.60000    2.65702   63.45  < 2e-16 ***
x             2.03437    0.09039   22.51 2.16e-12 ***
---
Signif. codes:  0 ‘***’ 0.001 ‘**’ 0.01 ‘*’ 0.05 ‘.’ 0.1 ‘ ’ 1 

Residual standard error: 3.234 on 14 degrees of freedom
Multiple R-squared: 0.9731,     Adjusted R-squared: 0.9712 
F-statistic: 506.5 on 1 and 14 DF,  p-value: 2.159e-12 

> 
> vcov(ch01pr22.lm)

            (Intercept)            x
(Intercept)   7.0597768 -0.228789063
x            -0.2287891  0.008171038
> 
> fitted<-fitted(ch01pr22.lm)
> residuals<-residuals(ch01pr22.lm)
> pred.w.plim<-predict((ch01pr22.lm),se.fit=TRUE,interval="prediction")
Warning message:
In predict.lm((ch01pr22.lm), se.fit = TRUE, interval = "prediction") :
  Predictions on current data refer to _future_ responses

> ch01pr22.pi<-cbind(ch01pr22,residuals,pred.w.plim)
> ch01pr22.pi
PREDICTED

     y  x residuals fit.fit  fit.lwr  fit.upr    se.fit df residual.scale
1  199 16    -2.150 201.150 193.6312 208.6688 1.3528904 14       3.234027
2  205 16     3.850 201.150 193.6312 208.6688 1.3528904 14       3.234027
3  196 16    -5.150 201.150 193.6312 208.6688 1.3528904 14       3.234027
4  200 16    -1.150 201.150 193.6312 208.6688 1.3528904 14       3.234027
5  218 24     0.575 217.425 210.2333 224.6167 0.8856747 14       3.234027
6  220 24     2.575 217.425 210.2333 224.6167 0.8856747 14       3.234027
7  215 24    -2.425 217.425 210.2333 224.6167 0.8856747 14       3.234027
8  223 24     5.575 217.425 210.2333 224.6167 0.8856747 14       3.234027
9  237 32     3.300 233.700 226.5083 240.8917 0.8856747 14       3.234027
10 234 32     0.300 233.700 226.5083 240.8917 0.8856747 14       3.234027
11 235 32     1.300 233.700 226.5083 240.8917 0.8856747 14       3.234027
12 230 32    -3.700 233.700 226.5083 240.8917 0.8856747 14       3.234027
13 250 40     0.025 249.975 242.4562 257.4938 1.3528904 14       3.234027
14 248 40    -1.975 249.975 242.4562 257.4938 1.3528904 14       3.234027
15 253 40     3.025 249.975 242.4562 257.4938 1.3528904 14       3.234027
16 246 40    -3.975 249.975 242.4562 257.4938 1.3528904 14       3.234027
> 
> pred.w.clim<-predict((ch01pr22.lm),se.fit=TRUE,interval="confidence")
> ch01pr22.ci<-cbind(ch01pr22,residuals,pred.w.clim)
> ch01pr22.ci
CONFIDENCE

     y  x residuals fit.fit  fit.lwr  fit.upr    se.fit df residual.scale
1  199 16    -2.150 201.150 198.2483 204.0517 1.3528904 14       3.234027
2  205 16     3.850 201.150 198.2483 204.0517 1.3528904 14       3.234027
3  196 16    -5.150 201.150 198.2483 204.0517 1.3528904 14       3.234027
4  200 16    -1.150 201.150 198.2483 204.0517 1.3528904 14       3.234027
5  218 24     0.575 217.425 215.5254 219.3246 0.8856747 14       3.234027
6  220 24     2.575 217.425 215.5254 219.3246 0.8856747 14       3.234027
7  215 24    -2.425 217.425 215.5254 219.3246 0.8856747 14       3.234027
8  223 24     5.575 217.425 215.5254 219.3246 0.8856747 14       3.234027
9  237 32     3.300 233.700 231.8004 235.5996 0.8856747 14       3.234027
10 234 32     0.300 233.700 231.8004 235.5996 0.8856747 14       3.234027
11 235 32     1.300 233.700 231.8004 235.5996 0.8856747 14       3.234027
12 230 32    -3.700 233.700 231.8004 235.5996 0.8856747 14       3.234027
13 250 40     0.025 249.975 247.0733 252.8767 1.3528904 14       3.234027
14 248 40    -1.975 249.975 247.0733 252.8767 1.3528904 14       3.234027
15 253 40     3.025 249.975 247.0733 252.8767 1.3528904 14       3.234027
16 246 40    -3.975 249.975 247.0733 252.8767 1.3528904 14       3.234027
> 
